Analysis & Synthesis report for rv32i
Mon Aug 26 10:34:55 2019
Quartus II 64-Bit Version 13.0.1 Build 232 06/12/2013 Service Pack 1 SJ Full Version


---------------------
; Table of Contents ;
---------------------
  1. Legal Notice
  2. Analysis & Synthesis Summary
  3. Analysis & Synthesis Settings
  4. Parallel Compilation
  5. Analysis & Synthesis Source Files Read
  6. Analysis & Synthesis Resource Usage Summary
  7. Analysis & Synthesis Resource Utilization by Entity
  8. Analysis & Synthesis RAM Summary
  9. Analysis & Synthesis IP Cores Summary
 10. User-Specified and Inferred Latches
 11. General Register Statistics
 12. Multiplexer Restructuring Statistics (Restructuring Performed)
 13. Source assignments for progam_memory:program_memory1|altsyncram:altsyncram_component|altsyncram_ao71:auto_generated
 14. Parameter Settings for User Entity Instance: progam_memory:program_memory1|altsyncram:altsyncram_component
 15. altsyncram Parameter Settings by Entity Instance
 16. Port Connectivity Checks: "pc:pc1"
 17. Port Connectivity Checks: "progam_memory:program_memory1"
 18. Elapsed Time Per Partition
 19. Analysis & Synthesis Messages



----------------
; Legal Notice ;
----------------
Copyright (C) 1991-2013 Altera Corporation
Your use of Altera Corporation's design tools, logic functions 
and other software and tools, and its AMPP partner logic 
functions, and any output files from any of the foregoing 
(including device programming or simulation files), and any 
associated documentation or information are expressly subject 
to the terms and conditions of the Altera Program License 
Subscription Agreement, Altera MegaCore Function License 
Agreement, or other applicable license agreement, including, 
without limitation, that your use is for the sole purpose of 
programming logic devices manufactured by Altera and sold by 
Altera or its authorized distributors.  Please refer to the 
applicable agreement for further details.



+---------------------------------------------------------------------------------------+
; Analysis & Synthesis Summary                                                          ;
+------------------------------------+--------------------------------------------------+
; Analysis & Synthesis Status        ; Successful - Mon Aug 26 10:34:55 2019            ;
; Quartus II 64-Bit Version          ; 13.0.1 Build 232 06/12/2013 SP 1 SJ Full Version ;
; Revision Name                      ; rv32i                                            ;
; Top-level Entity Name              ; datapath                                         ;
; Family                             ; Cyclone II                                       ;
; Total logic elements               ; 2,389                                            ;
;     Total combinational functions  ; 1,493                                            ;
;     Dedicated logic registers      ; 1,002                                            ;
; Total registers                    ; 1002                                             ;
; Total pins                         ; 39                                               ;
; Total virtual pins                 ; 0                                                ;
; Total memory bits                  ; 19,456                                           ;
; Embedded Multiplier 9-bit elements ; 0                                                ;
; Total PLLs                         ; 0                                                ;
+------------------------------------+--------------------------------------------------+


+----------------------------------------------------------------------------------------------------------------------+
; Analysis & Synthesis Settings                                                                                        ;
+----------------------------------------------------------------------------+--------------------+--------------------+
; Option                                                                     ; Setting            ; Default Value      ;
+----------------------------------------------------------------------------+--------------------+--------------------+
; Device                                                                     ; EP2C35F672C6       ;                    ;
; Top-level entity name                                                      ; datapath           ; rv32i              ;
; Family name                                                                ; Cyclone II         ; Cyclone IV GX      ;
; Use smart compilation                                                      ; Off                ; Off                ;
; Enable parallel Assembler and TimeQuest Timing Analyzer during compilation ; On                 ; On                 ;
; Enable compact report table                                                ; Off                ; Off                ;
; Restructure Multiplexers                                                   ; Auto               ; Auto               ;
; Create Debugging Nodes for IP Cores                                        ; Off                ; Off                ;
; Preserve fewer node names                                                  ; On                 ; On                 ;
; Disable OpenCore Plus hardware evaluation                                  ; Off                ; Off                ;
; Verilog Version                                                            ; Verilog_2001       ; Verilog_2001       ;
; VHDL Version                                                               ; VHDL_1993          ; VHDL_1993          ;
; State Machine Processing                                                   ; Auto               ; Auto               ;
; Safe State Machine                                                         ; Off                ; Off                ;
; Extract Verilog State Machines                                             ; On                 ; On                 ;
; Extract VHDL State Machines                                                ; On                 ; On                 ;
; Ignore Verilog initial constructs                                          ; Off                ; Off                ;
; Iteration limit for constant Verilog loops                                 ; 5000               ; 5000               ;
; Iteration limit for non-constant Verilog loops                             ; 250                ; 250                ;
; Add Pass-Through Logic to Inferred RAMs                                    ; On                 ; On                 ;
; Infer RAMs from Raw Logic                                                  ; On                 ; On                 ;
; Parallel Synthesis                                                         ; On                 ; On                 ;
; DSP Block Balancing                                                        ; Auto               ; Auto               ;
; NOT Gate Push-Back                                                         ; On                 ; On                 ;
; Power-Up Don't Care                                                        ; On                 ; On                 ;
; Remove Redundant Logic Cells                                               ; Off                ; Off                ;
; Remove Duplicate Registers                                                 ; On                 ; On                 ;
; Ignore CARRY Buffers                                                       ; Off                ; Off                ;
; Ignore CASCADE Buffers                                                     ; Off                ; Off                ;
; Ignore GLOBAL Buffers                                                      ; Off                ; Off                ;
; Ignore ROW GLOBAL Buffers                                                  ; Off                ; Off                ;
; Ignore LCELL Buffers                                                       ; Off                ; Off                ;
; Ignore SOFT Buffers                                                        ; On                 ; On                 ;
; Limit AHDL Integers to 32 Bits                                             ; Off                ; Off                ;
; Optimization Technique                                                     ; Balanced           ; Balanced           ;
; Carry Chain Length                                                         ; 70                 ; 70                 ;
; Auto Carry Chains                                                          ; On                 ; On                 ;
; Auto Open-Drain Pins                                                       ; On                 ; On                 ;
; Perform WYSIWYG Primitive Resynthesis                                      ; Off                ; Off                ;
; Auto ROM Replacement                                                       ; On                 ; On                 ;
; Auto RAM Replacement                                                       ; On                 ; On                 ;
; Auto Shift Register Replacement                                            ; Auto               ; Auto               ;
; Allow Shift Register Merging across Hierarchies                            ; Auto               ; Auto               ;
; Auto Clock Enable Replacement                                              ; On                 ; On                 ;
; Strict RAM Replacement                                                     ; Off                ; Off                ;
; Allow Synchronous Control Signals                                          ; On                 ; On                 ;
; Force Use of Synchronous Clear Signals                                     ; Off                ; Off                ;
; Auto RAM to Logic Cell Conversion                                          ; Off                ; Off                ;
; Auto Resource Sharing                                                      ; Off                ; Off                ;
; Allow Any RAM Size For Recognition                                         ; Off                ; Off                ;
; Allow Any ROM Size For Recognition                                         ; Off                ; Off                ;
; Allow Any Shift Register Size For Recognition                              ; Off                ; Off                ;
; Use LogicLock Constraints during Resource Balancing                        ; On                 ; On                 ;
; Ignore translate_off and synthesis_off directives                          ; Off                ; Off                ;
; Timing-Driven Synthesis                                                    ; Off                ; Off                ;
; Report Parameter Settings                                                  ; On                 ; On                 ;
; Report Source Assignments                                                  ; On                 ; On                 ;
; Report Connectivity Checks                                                 ; On                 ; On                 ;
; Ignore Maximum Fan-Out Assignments                                         ; Off                ; Off                ;
; Synchronization Register Chain Length                                      ; 2                  ; 2                  ;
; PowerPlay Power Optimization                                               ; Normal compilation ; Normal compilation ;
; HDL message level                                                          ; Level2             ; Level2             ;
; Suppress Register Optimization Related Messages                            ; Off                ; Off                ;
; Number of Removed Registers Reported in Synthesis Report                   ; 5000               ; 5000               ;
; Number of Swept Nodes Reported in Synthesis Report                         ; 5000               ; 5000               ;
; Number of Inverted Registers Reported in Synthesis Report                  ; 100                ; 100                ;
; Clock MUX Protection                                                       ; On                 ; On                 ;
; Auto Gated Clock Conversion                                                ; Off                ; Off                ;
; Block Design Naming                                                        ; Auto               ; Auto               ;
; SDC constraint protection                                                  ; Off                ; Off                ;
; Synthesis Effort                                                           ; Auto               ; Auto               ;
; Shift Register Replacement - Allow Asynchronous Clear Signal               ; On                 ; On                 ;
; Pre-Mapping Resynthesis Optimization                                       ; Off                ; Off                ;
; Analysis & Synthesis Message Level                                         ; Medium             ; Medium             ;
; Disable Register Merging Across Hierarchies                                ; Auto               ; Auto               ;
; Resource Aware Inference For Block RAM                                     ; On                 ; On                 ;
; Synthesis Seed                                                             ; 1                  ; 1                  ;
+----------------------------------------------------------------------------+--------------------+--------------------+


+------------------------------------------+
; Parallel Compilation                     ;
+----------------------------+-------------+
; Processors                 ; Number      ;
+----------------------------+-------------+
; Number detected on machine ; 8           ;
; Maximum allowed            ; 4           ;
;                            ;             ;
; Average used               ; 1.00        ;
; Maximum used               ; 1           ;
;                            ;             ;
; Usage by Processor         ; % Time Used ;
;     Processor 1            ; 100.0%      ;
;     Processors 2-8         ;   0.0%      ;
+----------------------------+-------------+


+--------------------------------------------------------------------------------------------------------------------------------------------------------------------------------+
; Analysis & Synthesis Source Files Read                                                                                                                                         ;
+----------------------------------+-----------------+---------------------------------------+-------------------------------------------------------------------------+---------+
; File Name with User-Entered Path ; Used in Netlist ; File Type                             ; File Name with Absolute Path                                            ; Library ;
+----------------------------------+-----------------+---------------------------------------+-------------------------------------------------------------------------+---------+
; pc.vhd                           ; yes             ; User VHDL File                        ; C:/Users/josec/dev/RISC-V-RV32I/quartus/pc.vhd                          ;         ;
; alu.vhd                          ; yes             ; User VHDL File                        ; C:/Users/josec/dev/RISC-V-RV32I/quartus/alu.vhd                         ;         ;
; datapath.vhd                     ; yes             ; User VHDL File                        ; C:/Users/josec/dev/RISC-V-RV32I/quartus/datapath.vhd                    ;         ;
; register_file.vhd                ; yes             ; User VHDL File                        ; C:/Users/josec/dev/RISC-V-RV32I/quartus/register_file.vhd               ;         ;
; rv32i.hex                        ; yes             ; User Hexadecimal (Intel-Format) File  ; C:/Users/josec/dev/RISC-V-RV32I/quartus/rv32i.hex                       ;         ;
; progam_memory.vhd                ; yes             ; User Wizard-Generated File            ; C:/Users/josec/dev/RISC-V-RV32I/quartus/progam_memory.vhd               ;         ;
; altsyncram.tdf                   ; yes             ; Megafunction                          ; c:/altera/13.0sp1/quartus/libraries/megafunctions/altsyncram.tdf        ;         ;
; stratix_ram_block.inc            ; yes             ; Megafunction                          ; c:/altera/13.0sp1/quartus/libraries/megafunctions/stratix_ram_block.inc ;         ;
; lpm_mux.inc                      ; yes             ; Megafunction                          ; c:/altera/13.0sp1/quartus/libraries/megafunctions/lpm_mux.inc           ;         ;
; lpm_decode.inc                   ; yes             ; Megafunction                          ; c:/altera/13.0sp1/quartus/libraries/megafunctions/lpm_decode.inc        ;         ;
; aglobal130.inc                   ; yes             ; Megafunction                          ; c:/altera/13.0sp1/quartus/libraries/megafunctions/aglobal130.inc        ;         ;
; a_rdenreg.inc                    ; yes             ; Megafunction                          ; c:/altera/13.0sp1/quartus/libraries/megafunctions/a_rdenreg.inc         ;         ;
; altrom.inc                       ; yes             ; Megafunction                          ; c:/altera/13.0sp1/quartus/libraries/megafunctions/altrom.inc            ;         ;
; altram.inc                       ; yes             ; Megafunction                          ; c:/altera/13.0sp1/quartus/libraries/megafunctions/altram.inc            ;         ;
; altdpram.inc                     ; yes             ; Megafunction                          ; c:/altera/13.0sp1/quartus/libraries/megafunctions/altdpram.inc          ;         ;
; db/altsyncram_ao71.tdf           ; yes             ; Auto-Generated Megafunction           ; C:/Users/josec/dev/RISC-V-RV32I/quartus/db/altsyncram_ao71.tdf          ;         ;
+----------------------------------+-----------------+---------------------------------------+-------------------------------------------------------------------------+---------+


+-----------------------------------------------------+
; Analysis & Synthesis Resource Usage Summary         ;
+---------------------------------------------+-------+
; Resource                                    ; Usage ;
+---------------------------------------------+-------+
; Estimated Total logic elements              ; 2,389 ;
;                                             ;       ;
; Total combinational functions               ; 1493  ;
; Logic element usage by number of LUT inputs ;       ;
;     -- 4 input functions                    ; 1229  ;
;     -- 3 input functions                    ; 220   ;
;     -- <=2 input functions                  ; 44    ;
;                                             ;       ;
; Logic elements by mode                      ;       ;
;     -- normal mode                          ; 1453  ;
;     -- arithmetic mode                      ; 40    ;
;                                             ;       ;
; Total registers                             ; 1002  ;
;     -- Dedicated logic registers            ; 1002  ;
;     -- I/O registers                        ; 0     ;
;                                             ;       ;
; I/O pins                                    ; 39    ;
; Total memory bits                           ; 19456 ;
; Embedded Multiplier 9-bit elements          ; 0     ;
; Maximum fan-out node                        ; clock ;
; Maximum fan-out                             ; 1021  ;
; Total fan-out                               ; 8919  ;
; Average fan-out                             ; 3.49  ;
+---------------------------------------------+-------+


+-------------------------------------------------------------------------------------------------------------------------------------------------------------------------------------------------------------------------------------------------------------------------------+
; Analysis & Synthesis Resource Utilization by Entity                                                                                                                                                                                                                           ;
+-------------------------------------------+-------------------+--------------+-------------+--------------+---------+-----------+------+--------------+--------------------------------------------------------------------------------------------------------+--------------+
; Compilation Hierarchy Node                ; LC Combinationals ; LC Registers ; Memory Bits ; DSP Elements ; DSP 9x9 ; DSP 18x18 ; Pins ; Virtual Pins ; Full Hierarchy Name                                                                                    ; Library Name ;
+-------------------------------------------+-------------------+--------------+-------------+--------------+---------+-----------+------+--------------+--------------------------------------------------------------------------------------------------------+--------------+
; |datapath                                 ; 1493 (0)          ; 1002 (0)     ; 19456       ; 0            ; 0       ; 0         ; 39   ; 0            ; |datapath                                                                                              ; work         ;
;    |alu:alu1|                             ; 164 (164)         ; 0 (0)        ; 0           ; 0            ; 0       ; 0         ; 0    ; 0            ; |datapath|alu:alu1                                                                                     ; work         ;
;    |pc:pc1|                               ; 10 (10)           ; 10 (10)      ; 0           ; 0            ; 0       ; 0         ; 0    ; 0            ; |datapath|pc:pc1                                                                                       ; work         ;
;    |progam_memory:program_memory1|        ; 0 (0)             ; 0 (0)        ; 19456       ; 0            ; 0       ; 0         ; 0    ; 0            ; |datapath|progam_memory:program_memory1                                                                ; work         ;
;       |altsyncram:altsyncram_component|   ; 0 (0)             ; 0 (0)        ; 19456       ; 0            ; 0       ; 0         ; 0    ; 0            ; |datapath|progam_memory:program_memory1|altsyncram:altsyncram_component                                ; work         ;
;          |altsyncram_ao71:auto_generated| ; 0 (0)             ; 0 (0)        ; 19456       ; 0            ; 0       ; 0         ; 0    ; 0            ; |datapath|progam_memory:program_memory1|altsyncram:altsyncram_component|altsyncram_ao71:auto_generated ; work         ;
;    |register_file:register_file1|         ; 1319 (1319)       ; 992 (992)    ; 0           ; 0            ; 0       ; 0         ; 0    ; 0            ; |datapath|register_file:register_file1                                                                 ; work         ;
+-------------------------------------------+-------------------+--------------+-------------+--------------+---------+-----------+------+--------------+--------------------------------------------------------------------------------------------------------+--------------+
Note: For table entries with two numbers listed, the numbers in parentheses indicate the number of resources of the given type used by the specific entity alone. The numbers listed outside of parentheses indicate the total resources of the given type used by the specific entity and all of its sub-entities in the hierarchy.


+-------------------------------------------------------------------------------------------------------------------------------------------------------------------------------------------------------+
; Analysis & Synthesis RAM Summary                                                                                                                                                                      ;
+---------------------------------------------------------------------------------------------------------+------+------+--------------+--------------+--------------+--------------+-------+-----------+
; Name                                                                                                    ; Type ; Mode ; Port A Depth ; Port A Width ; Port B Depth ; Port B Width ; Size  ; MIF       ;
+---------------------------------------------------------------------------------------------------------+------+------+--------------+--------------+--------------+--------------+-------+-----------+
; progam_memory:program_memory1|altsyncram:altsyncram_component|altsyncram_ao71:auto_generated|ALTSYNCRAM ; AUTO ; ROM  ; 1024         ; 32           ; --           ; --           ; 32768 ; rv32i.hex ;
+---------------------------------------------------------------------------------------------------------+------+------+--------------+--------------+--------------+--------------+-------+-----------+


+---------------------------------------------------------------------------------------------------------------------------------------------------------------------+
; Analysis & Synthesis IP Cores Summary                                                                                                                               ;
+--------+--------------+---------+--------------+--------------+-----------------------------------------+-----------------------------------------------------------+
; Vendor ; IP Core Name ; Version ; Release Date ; License Type ; Entity Instance                         ; IP Include File                                           ;
+--------+--------------+---------+--------------+--------------+-----------------------------------------+-----------------------------------------------------------+
; Altera ; ROM: 1-PORT  ; 13.0    ; N/A          ; N/A          ; |datapath|progam_memory:program_memory1 ; C:/Users/josec/dev/RISC-V-RV32I/quartus/progam_memory.vhd ;
+--------+--------------+---------+--------------+--------------+-----------------------------------------+-----------------------------------------------------------+


+----------------------------------------------------------------------------------------------------+
; User-Specified and Inferred Latches                                                                ;
+-----------------------------------------------------+---------------------+------------------------+
; Latch Name                                          ; Latch Enable Signal ; Free of Timing Hazards ;
+-----------------------------------------------------+---------------------+------------------------+
; alu:alu1|out_alu[0]                                 ; alu:alu1|Mux32      ; yes                    ;
; alu:alu1|out_alu[1]                                 ; alu:alu1|Mux32      ; yes                    ;
; alu:alu1|out_alu[2]                                 ; alu:alu1|Mux32      ; yes                    ;
; alu:alu1|out_alu[3]                                 ; alu:alu1|Mux32      ; yes                    ;
; alu:alu1|out_alu[4]                                 ; alu:alu1|Mux32      ; yes                    ;
; alu:alu1|out_alu[5]                                 ; alu:alu1|Mux32      ; yes                    ;
; alu:alu1|out_alu[6]                                 ; alu:alu1|Mux32      ; yes                    ;
; alu:alu1|out_alu[7]                                 ; alu:alu1|Mux32      ; yes                    ;
; alu:alu1|out_alu[8]                                 ; alu:alu1|Mux32      ; yes                    ;
; alu:alu1|out_alu[9]                                 ; alu:alu1|Mux32      ; yes                    ;
; alu:alu1|out_alu[10]                                ; alu:alu1|Mux32      ; yes                    ;
; alu:alu1|out_alu[11]                                ; alu:alu1|Mux32      ; yes                    ;
; alu:alu1|out_alu[12]                                ; alu:alu1|Mux32      ; yes                    ;
; alu:alu1|out_alu[13]                                ; alu:alu1|Mux32      ; yes                    ;
; alu:alu1|out_alu[14]                                ; alu:alu1|Mux32      ; yes                    ;
; alu:alu1|out_alu[15]                                ; alu:alu1|Mux32      ; yes                    ;
; alu:alu1|out_alu[16]                                ; alu:alu1|Mux32      ; yes                    ;
; alu:alu1|out_alu[17]                                ; alu:alu1|Mux32      ; yes                    ;
; alu:alu1|out_alu[18]                                ; alu:alu1|Mux32      ; yes                    ;
; alu:alu1|out_alu[19]                                ; alu:alu1|Mux32      ; yes                    ;
; alu:alu1|out_alu[20]                                ; alu:alu1|Mux32      ; yes                    ;
; alu:alu1|out_alu[21]                                ; alu:alu1|Mux32      ; yes                    ;
; alu:alu1|out_alu[22]                                ; alu:alu1|Mux32      ; yes                    ;
; alu:alu1|out_alu[23]                                ; alu:alu1|Mux32      ; yes                    ;
; alu:alu1|out_alu[24]                                ; alu:alu1|Mux32      ; yes                    ;
; alu:alu1|out_alu[25]                                ; alu:alu1|Mux32      ; yes                    ;
; alu:alu1|out_alu[26]                                ; alu:alu1|Mux32      ; yes                    ;
; alu:alu1|out_alu[27]                                ; alu:alu1|Mux32      ; yes                    ;
; alu:alu1|out_alu[28]                                ; alu:alu1|Mux32      ; yes                    ;
; alu:alu1|out_alu[29]                                ; alu:alu1|Mux32      ; yes                    ;
; alu:alu1|out_alu[30]                                ; alu:alu1|Mux32      ; yes                    ;
; alu:alu1|out_alu[31]                                ; alu:alu1|Mux32      ; yes                    ;
; Number of user-specified and inferred latches = 32  ;                     ;                        ;
+-----------------------------------------------------+---------------------+------------------------+
Note: All latches listed above may not be present at the end of synthesis due to various synthesis optimizations.


+------------------------------------------------------+
; General Register Statistics                          ;
+----------------------------------------------+-------+
; Statistic                                    ; Value ;
+----------------------------------------------+-------+
; Total registers                              ; 1002  ;
; Number of registers using Synchronous Clear  ; 0     ;
; Number of registers using Synchronous Load   ; 0     ;
; Number of registers using Asynchronous Clear ; 10    ;
; Number of registers using Asynchronous Load  ; 0     ;
; Number of registers using Clock Enable       ; 1001  ;
; Number of registers using Preset             ; 0     ;
+----------------------------------------------+-------+


+--------------------------------------------------------------------------------------------------------------------------------------------------------------+
; Multiplexer Restructuring Statistics (Restructuring Performed)                                                                                               ;
+--------------------+-----------+---------------+----------------------+------------------------+------------+------------------------------------------------+
; Multiplexer Inputs ; Bus Width ; Baseline Area ; Area if Restructured ; Saving if Restructured ; Registered ; Example Multiplexer Output                     ;
+--------------------+-----------+---------------+----------------------+------------------------+------------+------------------------------------------------+
; 32:1               ; 32 bits   ; 672 LEs       ; 672 LEs              ; 0 LEs                  ; Yes        ; |datapath|register_file:register_file1|rs1[23] ;
; 32:1               ; 32 bits   ; 672 LEs       ; 672 LEs              ; 0 LEs                  ; Yes        ; |datapath|register_file:register_file1|rs2[11] ;
; 5:1                ; 32 bits   ; 96 LEs        ; 64 LEs               ; 32 LEs                 ; No         ; |datapath|alu:alu1|Mux14                       ;
+--------------------+-----------+---------------+----------------------+------------------------+------------+------------------------------------------------+


+---------------------------------------------------------------------------------------------------------------------+
; Source assignments for progam_memory:program_memory1|altsyncram:altsyncram_component|altsyncram_ao71:auto_generated ;
+---------------------------------+--------------------+------+-------------------------------------------------------+
; Assignment                      ; Value              ; From ; To                                                    ;
+---------------------------------+--------------------+------+-------------------------------------------------------+
; OPTIMIZE_POWER_DURING_SYNTHESIS ; NORMAL_COMPILATION ; -    ; -                                                     ;
+---------------------------------+--------------------+------+-------------------------------------------------------+


+------------------------------------------------------------------------------------------------------------+
; Parameter Settings for User Entity Instance: progam_memory:program_memory1|altsyncram:altsyncram_component ;
+------------------------------------+----------------------+------------------------------------------------+
; Parameter Name                     ; Value                ; Type                                           ;
+------------------------------------+----------------------+------------------------------------------------+
; BYTE_SIZE_BLOCK                    ; 8                    ; Untyped                                        ;
; AUTO_CARRY_CHAINS                  ; ON                   ; AUTO_CARRY                                     ;
; IGNORE_CARRY_BUFFERS               ; OFF                  ; IGNORE_CARRY                                   ;
; AUTO_CASCADE_CHAINS                ; ON                   ; AUTO_CASCADE                                   ;
; IGNORE_CASCADE_BUFFERS             ; OFF                  ; IGNORE_CASCADE                                 ;
; WIDTH_BYTEENA                      ; 1                    ; Untyped                                        ;
; OPERATION_MODE                     ; ROM                  ; Untyped                                        ;
; WIDTH_A                            ; 32                   ; Signed Integer                                 ;
; WIDTHAD_A                          ; 10                   ; Signed Integer                                 ;
; NUMWORDS_A                         ; 1024                 ; Signed Integer                                 ;
; OUTDATA_REG_A                      ; UNREGISTERED         ; Untyped                                        ;
; ADDRESS_ACLR_A                     ; NONE                 ; Untyped                                        ;
; OUTDATA_ACLR_A                     ; NONE                 ; Untyped                                        ;
; WRCONTROL_ACLR_A                   ; NONE                 ; Untyped                                        ;
; INDATA_ACLR_A                      ; NONE                 ; Untyped                                        ;
; BYTEENA_ACLR_A                     ; NONE                 ; Untyped                                        ;
; WIDTH_B                            ; 1                    ; Untyped                                        ;
; WIDTHAD_B                          ; 1                    ; Untyped                                        ;
; NUMWORDS_B                         ; 1                    ; Untyped                                        ;
; INDATA_REG_B                       ; CLOCK1               ; Untyped                                        ;
; WRCONTROL_WRADDRESS_REG_B          ; CLOCK1               ; Untyped                                        ;
; RDCONTROL_REG_B                    ; CLOCK1               ; Untyped                                        ;
; ADDRESS_REG_B                      ; CLOCK1               ; Untyped                                        ;
; OUTDATA_REG_B                      ; UNREGISTERED         ; Untyped                                        ;
; BYTEENA_REG_B                      ; CLOCK1               ; Untyped                                        ;
; INDATA_ACLR_B                      ; NONE                 ; Untyped                                        ;
; WRCONTROL_ACLR_B                   ; NONE                 ; Untyped                                        ;
; ADDRESS_ACLR_B                     ; NONE                 ; Untyped                                        ;
; OUTDATA_ACLR_B                     ; NONE                 ; Untyped                                        ;
; RDCONTROL_ACLR_B                   ; NONE                 ; Untyped                                        ;
; BYTEENA_ACLR_B                     ; NONE                 ; Untyped                                        ;
; WIDTH_BYTEENA_A                    ; 1                    ; Signed Integer                                 ;
; WIDTH_BYTEENA_B                    ; 1                    ; Untyped                                        ;
; RAM_BLOCK_TYPE                     ; AUTO                 ; Untyped                                        ;
; BYTE_SIZE                          ; 8                    ; Untyped                                        ;
; READ_DURING_WRITE_MODE_MIXED_PORTS ; DONT_CARE            ; Untyped                                        ;
; READ_DURING_WRITE_MODE_PORT_A      ; NEW_DATA_NO_NBE_READ ; Untyped                                        ;
; READ_DURING_WRITE_MODE_PORT_B      ; NEW_DATA_NO_NBE_READ ; Untyped                                        ;
; INIT_FILE                          ; rv32i.hex            ; Untyped                                        ;
; INIT_FILE_LAYOUT                   ; PORT_A               ; Untyped                                        ;
; MAXIMUM_DEPTH                      ; 0                    ; Untyped                                        ;
; CLOCK_ENABLE_INPUT_A               ; BYPASS               ; Untyped                                        ;
; CLOCK_ENABLE_INPUT_B               ; NORMAL               ; Untyped                                        ;
; CLOCK_ENABLE_OUTPUT_A              ; BYPASS               ; Untyped                                        ;
; CLOCK_ENABLE_OUTPUT_B              ; NORMAL               ; Untyped                                        ;
; CLOCK_ENABLE_CORE_A                ; USE_INPUT_CLKEN      ; Untyped                                        ;
; CLOCK_ENABLE_CORE_B                ; USE_INPUT_CLKEN      ; Untyped                                        ;
; ENABLE_ECC                         ; FALSE                ; Untyped                                        ;
; ECC_PIPELINE_STAGE_ENABLED         ; FALSE                ; Untyped                                        ;
; WIDTH_ECCSTATUS                    ; 3                    ; Untyped                                        ;
; DEVICE_FAMILY                      ; Cyclone II           ; Untyped                                        ;
; CBXI_PARAMETER                     ; altsyncram_ao71      ; Untyped                                        ;
+------------------------------------+----------------------+------------------------------------------------+
Note: In order to hide this table in the UI and the text report file, please set the "Show Parameter Settings in Synthesis Report" option in "Analysis and Synthesis Settings -> More Settings" to "Off".


+-----------------------------------------------------------------------------------------------------------+
; altsyncram Parameter Settings by Entity Instance                                                          ;
+-------------------------------------------+---------------------------------------------------------------+
; Name                                      ; Value                                                         ;
+-------------------------------------------+---------------------------------------------------------------+
; Number of entity instances                ; 1                                                             ;
; Entity Instance                           ; progam_memory:program_memory1|altsyncram:altsyncram_component ;
;     -- OPERATION_MODE                     ; ROM                                                           ;
;     -- WIDTH_A                            ; 32                                                            ;
;     -- NUMWORDS_A                         ; 1024                                                          ;
;     -- OUTDATA_REG_A                      ; UNREGISTERED                                                  ;
;     -- WIDTH_B                            ; 1                                                             ;
;     -- NUMWORDS_B                         ; 1                                                             ;
;     -- ADDRESS_REG_B                      ; CLOCK1                                                        ;
;     -- OUTDATA_REG_B                      ; UNREGISTERED                                                  ;
;     -- RAM_BLOCK_TYPE                     ; AUTO                                                          ;
;     -- READ_DURING_WRITE_MODE_MIXED_PORTS ; DONT_CARE                                                     ;
+-------------------------------------------+---------------------------------------------------------------+


+------------------------------------------------------------------------------------------------------------------------+
; Port Connectivity Checks: "pc:pc1"                                                                                     ;
+--------------+--------+----------+-------------------------------------------------------------------------------------+
; Port         ; Type   ; Severity ; Details                                                                             ;
+--------------+--------+----------+-------------------------------------------------------------------------------------+
; pc_out[1..0] ; Output ; Info     ; Connected to dangling logic. Logic that only feeds a dangling port will be removed. ;
+--------------+--------+----------+-------------------------------------------------------------------------------------+


+---------------------------------------------------------------------------------------------------------------------+
; Port Connectivity Checks: "progam_memory:program_memory1"                                                           ;
+-----------+--------+----------+-------------------------------------------------------------------------------------+
; Port      ; Type   ; Severity ; Details                                                                             ;
+-----------+--------+----------+-------------------------------------------------------------------------------------+
; q[29..25] ; Output ; Info     ; Connected to dangling logic. Logic that only feeds a dangling port will be removed. ;
; q[6..0]   ; Output ; Info     ; Connected to dangling logic. Logic that only feeds a dangling port will be removed. ;
; q[31]     ; Output ; Info     ; Connected to dangling logic. Logic that only feeds a dangling port will be removed. ;
+-----------+--------+----------+-------------------------------------------------------------------------------------+


+-------------------------------+
; Elapsed Time Per Partition    ;
+----------------+--------------+
; Partition Name ; Elapsed Time ;
+----------------+--------------+
; Top            ; 00:00:02     ;
+----------------+--------------+


+-------------------------------+
; Analysis & Synthesis Messages ;
+-------------------------------+
Info: *******************************************************************
Info: Running Quartus II 64-Bit Analysis & Synthesis
    Info: Version 13.0.1 Build 232 06/12/2013 Service Pack 1 SJ Full Version
    Info: Processing started: Mon Aug 26 10:34:46 2019
Info: Command: quartus_map --read_settings_files=on --write_settings_files=off rv32i -c rv32i
Info (11104): Parallel Compilation has detected 8 hyper-threaded processors. However, the extra hyper-threaded processors will not be used by default. Parallel Compilation will use 4 of the 4 physical processors detected instead.
Info (12021): Found 2 design units, including 1 entities, in source file pc.vhd
    Info (12022): Found design unit 1: pc-comportamento
    Info (12023): Found entity 1: pc
Warning (12090): Entity "mux" obtained from "mux.vhd" instead of from Quartus II megafunction library
Info (12021): Found 2 design units, including 1 entities, in source file mux.vhd
    Info (12022): Found design unit 1: mux-comportamento
    Info (12023): Found entity 1: mux
Info (12021): Found 2 design units, including 1 entities, in source file alu.vhd
    Info (12022): Found design unit 1: alu-comportamento
    Info (12023): Found entity 1: alu
Info (12021): Found 2 design units, including 1 entities, in source file rv32i.vhd
    Info (12022): Found design unit 1: rv32i-comportamento
    Info (12023): Found entity 1: rv32i
Info (12021): Found 2 design units, including 1 entities, in source file datapath.vhd
    Info (12022): Found design unit 1: datapath-comportamento
    Info (12023): Found entity 1: datapath
Info (12021): Found 2 design units, including 1 entities, in source file register_file.vhd
    Info (12022): Found design unit 1: register_file-comportamento
    Info (12023): Found entity 1: register_file
Info (12021): Found 2 design units, including 1 entities, in source file progam_memory.vhd
    Info (12022): Found design unit 1: progam_memory-SYN
    Info (12023): Found entity 1: progam_memory
Info (12127): Elaborating entity "datapath" for the top level hierarchy
Info (12128): Elaborating entity "register_file" for hierarchy "register_file:register_file1"
Warning (10492): VHDL Process Statement warning at register_file.vhd(32): signal "add_rd" is read inside the Process Statement but isn't in the Process Statement's sensitivity list
Info (12128): Elaborating entity "alu" for hierarchy "alu:alu1"
Info (10041): Inferred latch for "out_alu[0]" at alu.vhd(19)
Info (10041): Inferred latch for "out_alu[1]" at alu.vhd(19)
Info (10041): Inferred latch for "out_alu[2]" at alu.vhd(19)
Info (10041): Inferred latch for "out_alu[3]" at alu.vhd(19)
Info (10041): Inferred latch for "out_alu[4]" at alu.vhd(19)
Info (10041): Inferred latch for "out_alu[5]" at alu.vhd(19)
Info (10041): Inferred latch for "out_alu[6]" at alu.vhd(19)
Info (10041): Inferred latch for "out_alu[7]" at alu.vhd(19)
Info (10041): Inferred latch for "out_alu[8]" at alu.vhd(19)
Info (10041): Inferred latch for "out_alu[9]" at alu.vhd(19)
Info (10041): Inferred latch for "out_alu[10]" at alu.vhd(19)
Info (10041): Inferred latch for "out_alu[11]" at alu.vhd(19)
Info (10041): Inferred latch for "out_alu[12]" at alu.vhd(19)
Info (10041): Inferred latch for "out_alu[13]" at alu.vhd(19)
Info (10041): Inferred latch for "out_alu[14]" at alu.vhd(19)
Info (10041): Inferred latch for "out_alu[15]" at alu.vhd(19)
Info (10041): Inferred latch for "out_alu[16]" at alu.vhd(19)
Info (10041): Inferred latch for "out_alu[17]" at alu.vhd(19)
Info (10041): Inferred latch for "out_alu[18]" at alu.vhd(19)
Info (10041): Inferred latch for "out_alu[19]" at alu.vhd(19)
Info (10041): Inferred latch for "out_alu[20]" at alu.vhd(19)
Info (10041): Inferred latch for "out_alu[21]" at alu.vhd(19)
Info (10041): Inferred latch for "out_alu[22]" at alu.vhd(19)
Info (10041): Inferred latch for "out_alu[23]" at alu.vhd(19)
Info (10041): Inferred latch for "out_alu[24]" at alu.vhd(19)
Info (10041): Inferred latch for "out_alu[25]" at alu.vhd(19)
Info (10041): Inferred latch for "out_alu[26]" at alu.vhd(19)
Info (10041): Inferred latch for "out_alu[27]" at alu.vhd(19)
Info (10041): Inferred latch for "out_alu[28]" at alu.vhd(19)
Info (10041): Inferred latch for "out_alu[29]" at alu.vhd(19)
Info (10041): Inferred latch for "out_alu[30]" at alu.vhd(19)
Info (10041): Inferred latch for "out_alu[31]" at alu.vhd(19)
Info (12128): Elaborating entity "progam_memory" for hierarchy "progam_memory:program_memory1"
Info (12128): Elaborating entity "altsyncram" for hierarchy "progam_memory:program_memory1|altsyncram:altsyncram_component"
Info (12130): Elaborated megafunction instantiation "progam_memory:program_memory1|altsyncram:altsyncram_component"
Info (12133): Instantiated megafunction "progam_memory:program_memory1|altsyncram:altsyncram_component" with the following parameter:
    Info (12134): Parameter "clock_enable_input_a" = "BYPASS"
    Info (12134): Parameter "clock_enable_output_a" = "BYPASS"
    Info (12134): Parameter "init_file" = "rv32i.hex"
    Info (12134): Parameter "intended_device_family" = "Cyclone II"
    Info (12134): Parameter "lpm_hint" = "ENABLE_RUNTIME_MOD=NO"
    Info (12134): Parameter "lpm_type" = "altsyncram"
    Info (12134): Parameter "numwords_a" = "1024"
    Info (12134): Parameter "operation_mode" = "ROM"
    Info (12134): Parameter "outdata_aclr_a" = "NONE"
    Info (12134): Parameter "outdata_reg_a" = "UNREGISTERED"
    Info (12134): Parameter "widthad_a" = "10"
    Info (12134): Parameter "width_a" = "32"
    Info (12134): Parameter "width_byteena_a" = "1"
Info (12021): Found 1 design units, including 1 entities, in source file db/altsyncram_ao71.tdf
    Info (12023): Found entity 1: altsyncram_ao71
Info (12128): Elaborating entity "altsyncram_ao71" for hierarchy "progam_memory:program_memory1|altsyncram:altsyncram_component|altsyncram_ao71:auto_generated"
Info (12128): Elaborating entity "pc" for hierarchy "pc:pc1"
Warning (10631): VHDL Process Statement warning at pc.vhd(18): inferring latch(es) for signal or variable "temp", which holds its previous value in one or more paths through the process
Info (10041): Inferred latch for "temp[0]" at pc.vhd(21)
Info (10041): Inferred latch for "temp[1]" at pc.vhd(21)
Warning (14284): Synthesized away the following node(s):
    Warning (14285): Synthesized away the following RAM node(s):
        Warning (14320): Synthesized away node "progam_memory:program_memory1|altsyncram:altsyncram_component|altsyncram_ao71:auto_generated|q_a[0]"
        Warning (14320): Synthesized away node "progam_memory:program_memory1|altsyncram:altsyncram_component|altsyncram_ao71:auto_generated|q_a[1]"
        Warning (14320): Synthesized away node "progam_memory:program_memory1|altsyncram:altsyncram_component|altsyncram_ao71:auto_generated|q_a[2]"
        Warning (14320): Synthesized away node "progam_memory:program_memory1|altsyncram:altsyncram_component|altsyncram_ao71:auto_generated|q_a[3]"
        Warning (14320): Synthesized away node "progam_memory:program_memory1|altsyncram:altsyncram_component|altsyncram_ao71:auto_generated|q_a[4]"
        Warning (14320): Synthesized away node "progam_memory:program_memory1|altsyncram:altsyncram_component|altsyncram_ao71:auto_generated|q_a[5]"
        Warning (14320): Synthesized away node "progam_memory:program_memory1|altsyncram:altsyncram_component|altsyncram_ao71:auto_generated|q_a[6]"
        Warning (14320): Synthesized away node "progam_memory:program_memory1|altsyncram:altsyncram_component|altsyncram_ao71:auto_generated|q_a[25]"
        Warning (14320): Synthesized away node "progam_memory:program_memory1|altsyncram:altsyncram_component|altsyncram_ao71:auto_generated|q_a[26]"
        Warning (14320): Synthesized away node "progam_memory:program_memory1|altsyncram:altsyncram_component|altsyncram_ao71:auto_generated|q_a[27]"
        Warning (14320): Synthesized away node "progam_memory:program_memory1|altsyncram:altsyncram_component|altsyncram_ao71:auto_generated|q_a[28]"
        Warning (14320): Synthesized away node "progam_memory:program_memory1|altsyncram:altsyncram_component|altsyncram_ao71:auto_generated|q_a[29]"
        Warning (14320): Synthesized away node "progam_memory:program_memory1|altsyncram:altsyncram_component|altsyncram_ao71:auto_generated|q_a[31]"
Warning (13012): Latch alu:alu1|out_alu[0] has unsafe behavior
    Warning (13013): Ports D and ENA on the latch are fed by the same signal progam_memory:program_memory1|altsyncram:altsyncram_component|altsyncram_ao71:auto_generated|q_a[14]
Warning (13012): Latch alu:alu1|out_alu[1] has unsafe behavior
    Warning (13013): Ports D and ENA on the latch are fed by the same signal progam_memory:program_memory1|altsyncram:altsyncram_component|altsyncram_ao71:auto_generated|q_a[13]
Warning (13012): Latch alu:alu1|out_alu[2] has unsafe behavior
    Warning (13013): Ports D and ENA on the latch are fed by the same signal progam_memory:program_memory1|altsyncram:altsyncram_component|altsyncram_ao71:auto_generated|q_a[14]
Warning (13012): Latch alu:alu1|out_alu[3] has unsafe behavior
    Warning (13013): Ports D and ENA on the latch are fed by the same signal progam_memory:program_memory1|altsyncram:altsyncram_component|altsyncram_ao71:auto_generated|q_a[13]
Warning (13012): Latch alu:alu1|out_alu[4] has unsafe behavior
    Warning (13013): Ports D and ENA on the latch are fed by the same signal progam_memory:program_memory1|altsyncram:altsyncram_component|altsyncram_ao71:auto_generated|q_a[14]
Warning (13012): Latch alu:alu1|out_alu[5] has unsafe behavior
    Warning (13013): Ports D and ENA on the latch are fed by the same signal progam_memory:program_memory1|altsyncram:altsyncram_component|altsyncram_ao71:auto_generated|q_a[13]
Warning (13012): Latch alu:alu1|out_alu[6] has unsafe behavior
    Warning (13013): Ports D and ENA on the latch are fed by the same signal progam_memory:program_memory1|altsyncram:altsyncram_component|altsyncram_ao71:auto_generated|q_a[14]
Warning (13012): Latch alu:alu1|out_alu[7] has unsafe behavior
    Warning (13013): Ports D and ENA on the latch are fed by the same signal progam_memory:program_memory1|altsyncram:altsyncram_component|altsyncram_ao71:auto_generated|q_a[13]
Warning (13012): Latch alu:alu1|out_alu[8] has unsafe behavior
    Warning (13013): Ports D and ENA on the latch are fed by the same signal progam_memory:program_memory1|altsyncram:altsyncram_component|altsyncram_ao71:auto_generated|q_a[14]
Warning (13012): Latch alu:alu1|out_alu[9] has unsafe behavior
    Warning (13013): Ports D and ENA on the latch are fed by the same signal progam_memory:program_memory1|altsyncram:altsyncram_component|altsyncram_ao71:auto_generated|q_a[13]
Warning (13012): Latch alu:alu1|out_alu[10] has unsafe behavior
    Warning (13013): Ports D and ENA on the latch are fed by the same signal progam_memory:program_memory1|altsyncram:altsyncram_component|altsyncram_ao71:auto_generated|q_a[14]
Warning (13012): Latch alu:alu1|out_alu[11] has unsafe behavior
    Warning (13013): Ports D and ENA on the latch are fed by the same signal progam_memory:program_memory1|altsyncram:altsyncram_component|altsyncram_ao71:auto_generated|q_a[13]
Warning (13012): Latch alu:alu1|out_alu[12] has unsafe behavior
    Warning (13013): Ports D and ENA on the latch are fed by the same signal progam_memory:program_memory1|altsyncram:altsyncram_component|altsyncram_ao71:auto_generated|q_a[14]
Warning (13012): Latch alu:alu1|out_alu[13] has unsafe behavior
    Warning (13013): Ports D and ENA on the latch are fed by the same signal progam_memory:program_memory1|altsyncram:altsyncram_component|altsyncram_ao71:auto_generated|q_a[13]
Warning (13012): Latch alu:alu1|out_alu[14] has unsafe behavior
    Warning (13013): Ports D and ENA on the latch are fed by the same signal progam_memory:program_memory1|altsyncram:altsyncram_component|altsyncram_ao71:auto_generated|q_a[14]
Warning (13012): Latch alu:alu1|out_alu[15] has unsafe behavior
    Warning (13013): Ports D and ENA on the latch are fed by the same signal progam_memory:program_memory1|altsyncram:altsyncram_component|altsyncram_ao71:auto_generated|q_a[13]
Warning (13012): Latch alu:alu1|out_alu[16] has unsafe behavior
    Warning (13013): Ports D and ENA on the latch are fed by the same signal progam_memory:program_memory1|altsyncram:altsyncram_component|altsyncram_ao71:auto_generated|q_a[14]
Warning (13012): Latch alu:alu1|out_alu[17] has unsafe behavior
    Warning (13013): Ports D and ENA on the latch are fed by the same signal progam_memory:program_memory1|altsyncram:altsyncram_component|altsyncram_ao71:auto_generated|q_a[13]
Warning (13012): Latch alu:alu1|out_alu[18] has unsafe behavior
    Warning (13013): Ports D and ENA on the latch are fed by the same signal progam_memory:program_memory1|altsyncram:altsyncram_component|altsyncram_ao71:auto_generated|q_a[14]
Warning (13012): Latch alu:alu1|out_alu[19] has unsafe behavior
    Warning (13013): Ports D and ENA on the latch are fed by the same signal progam_memory:program_memory1|altsyncram:altsyncram_component|altsyncram_ao71:auto_generated|q_a[13]
Warning (13012): Latch alu:alu1|out_alu[20] has unsafe behavior
    Warning (13013): Ports D and ENA on the latch are fed by the same signal progam_memory:program_memory1|altsyncram:altsyncram_component|altsyncram_ao71:auto_generated|q_a[14]
Warning (13012): Latch alu:alu1|out_alu[21] has unsafe behavior
    Warning (13013): Ports D and ENA on the latch are fed by the same signal progam_memory:program_memory1|altsyncram:altsyncram_component|altsyncram_ao71:auto_generated|q_a[13]
Warning (13012): Latch alu:alu1|out_alu[22] has unsafe behavior
    Warning (13013): Ports D and ENA on the latch are fed by the same signal progam_memory:program_memory1|altsyncram:altsyncram_component|altsyncram_ao71:auto_generated|q_a[14]
Warning (13012): Latch alu:alu1|out_alu[23] has unsafe behavior
    Warning (13013): Ports D and ENA on the latch are fed by the same signal progam_memory:program_memory1|altsyncram:altsyncram_component|altsyncram_ao71:auto_generated|q_a[13]
Warning (13012): Latch alu:alu1|out_alu[24] has unsafe behavior
    Warning (13013): Ports D and ENA on the latch are fed by the same signal progam_memory:program_memory1|altsyncram:altsyncram_component|altsyncram_ao71:auto_generated|q_a[14]
Warning (13012): Latch alu:alu1|out_alu[25] has unsafe behavior
    Warning (13013): Ports D and ENA on the latch are fed by the same signal progam_memory:program_memory1|altsyncram:altsyncram_component|altsyncram_ao71:auto_generated|q_a[13]
Warning (13012): Latch alu:alu1|out_alu[26] has unsafe behavior
    Warning (13013): Ports D and ENA on the latch are fed by the same signal progam_memory:program_memory1|altsyncram:altsyncram_component|altsyncram_ao71:auto_generated|q_a[14]
Warning (13012): Latch alu:alu1|out_alu[27] has unsafe behavior
    Warning (13013): Ports D and ENA on the latch are fed by the same signal progam_memory:program_memory1|altsyncram:altsyncram_component|altsyncram_ao71:auto_generated|q_a[13]
Warning (13012): Latch alu:alu1|out_alu[28] has unsafe behavior
    Warning (13013): Ports D and ENA on the latch are fed by the same signal progam_memory:program_memory1|altsyncram:altsyncram_component|altsyncram_ao71:auto_generated|q_a[14]
Warning (13012): Latch alu:alu1|out_alu[29] has unsafe behavior
    Warning (13013): Ports D and ENA on the latch are fed by the same signal progam_memory:program_memory1|altsyncram:altsyncram_component|altsyncram_ao71:auto_generated|q_a[13]
Warning (13012): Latch alu:alu1|out_alu[30] has unsafe behavior
    Warning (13013): Ports D and ENA on the latch are fed by the same signal progam_memory:program_memory1|altsyncram:altsyncram_component|altsyncram_ao71:auto_generated|q_a[14]
Warning (13012): Latch alu:alu1|out_alu[31] has unsafe behavior
    Warning (13013): Ports D and ENA on the latch are fed by the same signal progam_memory:program_memory1|altsyncram:altsyncram_component|altsyncram_ao71:auto_generated|q_a[13]
Info (16010): Generating hard_block partition "hard_block:auto_generated_inst"
    Info (16011): Adding 0 node(s), including 0 DDIO, 0 PLL, 0 transceiver and 0 LCELL
Warning (21074): Design contains 1 input pin(s) that do not drive logic
    Warning (15610): No output dependent on input pin "load_pc"
Info (21057): Implemented 2479 device resources after synthesis - the final resource count might be different
    Info (21058): Implemented 7 input pins
    Info (21059): Implemented 32 output pins
    Info (21061): Implemented 2421 logic cells
    Info (21064): Implemented 19 RAM segments
Info: Quartus II 64-Bit Analysis & Synthesis was successful. 0 errors, 85 warnings
    Info: Peak virtual memory: 4690 megabytes
    Info: Processing ended: Mon Aug 26 10:34:55 2019
    Info: Elapsed time: 00:00:09
    Info: Total CPU time (on all processors): 00:00:06


